// Jest Snapshot v1, https://goo.gl/fbAQLP

exports[`GameCanvas renders without crashing, matches snapshot 1`] = `
<div>
  <div
    class=""
  />
</div>
`;
