// Jest Snapshot v1, https://goo.gl/fbAQLP

exports[`Grid renders without crashing, matches snapshot 1`] = `
<div>
  <mesh
    position="0,0,0"
  >
    <planebuffergeometry
      args="1,1,1"
      attach="geometry"
    />
    <meshphysicalmaterial
      attach="material"
      color="gray"
    />
  </mesh>
  <mesh
    position="1,0,0"
  >
    <planebuffergeometry
      args="1,1,1"
      attach="geometry"
    />
    <meshphysicalmaterial
      attach="material"
      color="gray"
    />
  </mesh>
  <mesh
    position="2,0,0"
  >
    <planebuffergeometry
      args="1,1,1"
      attach="geometry"
    />
    <meshphysicalmaterial
      attach="material"
      color="gray"
    />
  </mesh>
  <mesh
    position="3,0,0"
  >
    <planebuffergeometry
      args="1,1,1"
      attach="geometry"
    />
    <meshphysicalmaterial
      attach="material"
      color="gray"
    />
  </mesh>
  <mesh
    position="4,0,0"
  >
    <planebuffergeometry
      args="1,1,1"
      attach="geometry"
    />
    <meshphysicalmaterial
      attach="material"
      color="gray"
    />
  </mesh>
  <mesh
    position="5,0,0"
  >
    <planebuffergeometry
      args="1,1,1"
      attach="geometry"
    />
    <meshphysicalmaterial
      attach="material"
      color="gray"
    />
  </mesh>
  <mesh
    position="0,1,0"
  >
    <planebuffergeometry
      args="1,1,1"
      attach="geometry"
    />
    <meshphysicalmaterial
      attach="material"
      color="gray"
    />
  </mesh>
  <mesh
    position="1,1,0"
  >
    <planebuffergeometry
      args="1,1,1"
      attach="geometry"
    />
    <meshphysicalmaterial
      attach="material"
      color="gray"
    />
  </mesh>
  <mesh
    position="2,1,0"
  >
    <planebuffergeometry
      args="1,1,1"
      attach="geometry"
    />
    <meshphysicalmaterial
      attach="material"
      color="gray"
    />
  </mesh>
  <mesh
    position="3,1,0"
  >
    <planebuffergeometry
      args="1,1,1"
      attach="geometry"
    />
    <meshphysicalmaterial
      attach="material"
      color="gray"
    />
  </mesh>
  <mesh
    position="4,1,0"
  >
    <planebuffergeometry
      args="1,1,1"
      attach="geometry"
    />
    <meshphysicalmaterial
      attach="material"
      color="gray"
    />
  </mesh>
  <mesh
    position="5,1,0"
  >
    <planebuffergeometry
      args="1,1,1"
      attach="geometry"
    />
    <meshphysicalmaterial
      attach="material"
      color="gray"
    />
  </mesh>
  <mesh
    position="0,2,0"
  >
    <planebuffergeometry
      args="1,1,1"
      attach="geometry"
    />
    <meshphysicalmaterial
      attach="material"
      color="gray"
    />
  </mesh>
  <mesh
    position="1,2,0"
  >
    <planebuffergeometry
      args="1,1,1"
      attach="geometry"
    />
    <meshphysicalmaterial
      attach="material"
      color="gray"
    />
  </mesh>
  <mesh
    position="2,2,0"
  >
    <planebuffergeometry
      args="1,1,1"
      attach="geometry"
    />
    <meshphysicalmaterial
      attach="material"
      color="gray"
    />
  </mesh>
  <mesh
    position="3,2,0"
  >
    <planebuffergeometry
      args="1,1,1"
      attach="geometry"
    />
    <meshphysicalmaterial
      attach="material"
      color="gray"
    />
  </mesh>
  <mesh
    position="4,2,0"
  >
    <planebuffergeometry
      args="1,1,1"
      attach="geometry"
    />
    <meshphysicalmaterial
      attach="material"
      color="gray"
    />
  </mesh>
  <mesh
    position="5,2,0"
  >
    <planebuffergeometry
      args="1,1,1"
      attach="geometry"
    />
    <meshphysicalmaterial
      attach="material"
      color="gray"
    />
  </mesh>
  <mesh
    position="0,3,0"
  >
    <planebuffergeometry
      args="1,1,1"
      attach="geometry"
    />
    <meshphysicalmaterial
      attach="material"
      color="gray"
    />
  </mesh>
  <mesh
    position="1,3,0"
  >
    <planebuffergeometry
      args="1,1,1"
      attach="geometry"
    />
    <meshphysicalmaterial
      attach="material"
      color="gray"
    />
  </mesh>
  <mesh
    position="2,3,0"
  >
    <planebuffergeometry
      args="1,1,1"
      attach="geometry"
    />
    <meshphysicalmaterial
      attach="material"
      color="gray"
    />
  </mesh>
  <mesh
    position="3,3,0"
  >
    <planebuffergeometry
      args="1,1,1"
      attach="geometry"
    />
    <meshphysicalmaterial
      attach="material"
      color="gray"
    />
  </mesh>
  <mesh
    position="4,3,0"
  >
    <planebuffergeometry
      args="1,1,1"
      attach="geometry"
    />
    <meshphysicalmaterial
      attach="material"
      color="gray"
    />
  </mesh>
  <mesh
    position="5,3,0"
  >
    <planebuffergeometry
      args="1,1,1"
      attach="geometry"
    />
    <meshphysicalmaterial
      attach="material"
      color="gray"
    />
  </mesh>
  <mesh
    position="0,4,0"
  >
    <planebuffergeometry
      args="1,1,1"
      attach="geometry"
    />
    <meshphysicalmaterial
      attach="material"
      color="gray"
    />
  </mesh>
  <mesh
    position="1,4,0"
  >
    <planebuffergeometry
      args="1,1,1"
      attach="geometry"
    />
    <meshphysicalmaterial
      attach="material"
      color="gray"
    />
  </mesh>
  <mesh
    position="2,4,0"
  >
    <planebuffergeometry
      args="1,1,1"
      attach="geometry"
    />
    <meshphysicalmaterial
      attach="material"
      color="gray"
    />
  </mesh>
  <mesh
    position="3,4,0"
  >
    <planebuffergeometry
      args="1,1,1"
      attach="geometry"
    />
    <meshphysicalmaterial
      attach="material"
      color="gray"
    />
  </mesh>
  <mesh
    position="4,4,0"
  >
    <planebuffergeometry
      args="1,1,1"
      attach="geometry"
    />
    <meshphysicalmaterial
      attach="material"
      color="gray"
    />
  </mesh>
  <mesh
    position="5,4,0"
  >
    <planebuffergeometry
      args="1,1,1"
      attach="geometry"
    />
    <meshphysicalmaterial
      attach="material"
      color="gray"
    />
  </mesh>
  <mesh
    position="0,5,0"
  >
    <planebuffergeometry
      args="1,1,1"
      attach="geometry"
    />
    <meshphysicalmaterial
      attach="material"
      color="gray"
    />
  </mesh>
  <mesh
    position="1,5,0"
  >
    <planebuffergeometry
      args="1,1,1"
      attach="geometry"
    />
    <meshphysicalmaterial
      attach="material"
      color="gray"
    />
  </mesh>
  <mesh
    position="2,5,0"
  >
    <planebuffergeometry
      args="1,1,1"
      attach="geometry"
    />
    <meshphysicalmaterial
      attach="material"
      color="gray"
    />
  </mesh>
  <mesh
    position="3,5,0"
  >
    <planebuffergeometry
      args="1,1,1"
      attach="geometry"
    />
    <meshphysicalmaterial
      attach="material"
      color="gray"
    />
  </mesh>
  <mesh
    position="4,5,0"
  >
    <planebuffergeometry
      args="1,1,1"
      attach="geometry"
    />
    <meshphysicalmaterial
      attach="material"
      color="gray"
    />
  </mesh>
  <mesh
    position="5,5,0"
  >
    <planebuffergeometry
      args="1,1,1"
      attach="geometry"
    />
    <meshphysicalmaterial
      attach="material"
      color="gray"
    />
  </mesh>
</div>
`;
